=== Tue Aug 11 07:17:05 AM UTC 2026 ダンプ完了を待つ ===
07:17:05 dual dump: 22 / 55
07:18:06 dual dump: 23 / 55
07:19:07 dual dump: 24 / 55
07:20:07 dual dump: 25 / 55
07:21:08 dual dump: 25 / 55
07:22:08 dual dump: 26 / 55
07:23:09 dual dump: 27 / 55
07:24:10 dual dump: 28 / 55
07:25:10 dual dump: 28 / 55
07:26:11 dual dump: 29 / 55
07:27:11 dual dump: 30 / 55
07:28:12 dual dump: 31 / 55
07:29:13 dual dump: 31 / 55
07:30:13 dual dump: 32 / 55
07:31:14 dual dump: 33 / 55
07:32:15 dual dump: 34 / 55
07:33:15 dual dump: 35 / 55
07:34:16 dual dump: 35 / 55
07:35:16 dual dump: 36 / 55
07:36:17 dual dump: 37 / 55
07:37:18 dual dump: 37 / 55
07:38:18 dual dump: 38 / 55
07:39:19 dual dump: 39 / 55
07:40:19 dual dump: 40 / 55
07:41:20 dual dump: 41 / 55
07:42:21 dual dump: 41 / 55
07:43:21 dual dump: 42 / 55
07:44:22 dual dump: 43 / 55
07:45:23 dual dump: 44 / 55
07:46:23 dual dump: 44 / 55
07:47:24 dual dump: 45 / 55
07:48:24 dual dump: 46 / 55
07:49:25 dual dump: 47 / 55
07:50:26 dual dump: 47 / 55
07:51:26 dual dump: 48 / 55
07:52:27 dual dump: 49 / 55
07:53:27 dual dump: 50 / 55
07:54:28 dual dump: 51 / 55
07:55:29 dual dump: 51 / 55
07:56:29 dual dump: 52 / 55
07:57:30 dual dump: 53 / 55
07:58:31 dual dump: 54 / 55
07:59:31 dual dump: 54 / 55
08:00:32 dual dump: 55 / 55
回収完了: 55 件

########## 基準: bm25_qwen3_8b_rerank_qwen3_8b/chunk_attrfilter_k100 ##########
55 件中 55 件の候補列が変わった

[total] n=55
    k     cr@k    ecr@k
    1   0.5566   0.6369
    5   0.7343   0.8071
   10   0.8475   0.9020
   20   0.9167   0.9515
   50   0.9636   0.9848

[single] n=26
    k     cr@k    ecr@k
    1   0.9231   0.9231
    5   0.9231   0.9231
   10   0.9615   0.9615
   20   1.0000   1.0000
   50   1.0000   1.0000

[multi] n=29
    k     cr@k    ecr@k
    1   0.2280   0.3803
    5   0.5651   0.7031
   10   0.7452   0.8487
   20   0.8420   0.9080
   50   0.9310   0.9713

########## 実験1: bm25_dual（+ bm25s_paper） ##########
55 件中 55 件の候補列が変わった

[total] n=55
    k     cr@k    ecr@k
    1   0.5338   0.6187
    5   0.7434   0.8253
   10   0.8611   0.9157
   20   0.9076   0.9409
   50   0.9636   0.9848

[single] n=26
    k     cr@k    ecr@k
    1   0.8846   0.8846
    5   0.9615   0.9615
   10   1.0000   1.0000
   20   1.0000   1.0000
   50   1.0000   1.0000

[multi] n=29
    k     cr@k    ecr@k
    1   0.2193   0.3803
    5   0.5479   0.7031
   10   0.7366   0.8400
   20   0.8247   0.8879
   50   0.9310   0.9713

候補列を差し替えた予測を predictions_rawq_dual_offline.jsonl に書き出しました

=== Tue Aug 11 08:00:50 AM UTC 2026 完了 ===
