Using CPython 3.13.14
Creating virtual environment at: .venv-vl
Activate with: source .venv-vl/bin/activate
Using Python 3.13.14 environment at: .venv-vl
Resolved 29 packages in 2.89s
Downloading nvidia-cuda-runtime (2.1MiB)
Downloading setuptools (1.2MiB)
Downloading cuda-bindings (11.4MiB)
Downloading nvidia-cufft (204.2MiB)
Downloading nvidia-cusolver (191.6MiB)
Downloading nvidia-cufile (1.2MiB)
Downloading nvidia-nvjitlink (38.8MiB)
Downloading nvidia-cuda-cupti (10.2MiB)
Downloading nvidia-curand (56.8MiB)
Downloading nvidia-cudnn-cu13 (349.1MiB)
Downloading nvidia-cusparse (139.2MiB)
Downloading nvidia-nvshmem-cu13 (57.6MiB)
Downloading nvidia-cublas (403.5MiB)
Downloading nvidia-cuda-nvrtc (86.0MiB)
Downloading nvidia-cusparselt-cu13 (162.0MiB)
Downloading torch (506.5MiB)
Downloading nvidia-nccl-cu13 (187.4MiB)
 Downloaded nvidia-cufile
 Downloaded nvidia-cuda-runtime
 Downloaded cuda-bindings
 Downloaded nvidia-cuda-cupti
 Downloaded setuptools
 Downloaded nvidia-nvjitlink
 Downloaded nvidia-curand
 Downloaded nvidia-nvshmem-cu13
 Downloaded nvidia-cusolver
 Downloaded nvidia-cufft
 Downloaded nvidia-cusparse
 Downloaded nvidia-cuda-nvrtc
 Downloaded nvidia-cudnn-cu13
 Downloaded nvidia-cusparselt-cu13
 Downloaded nvidia-nccl-cu13
 Downloaded nvidia-cublas
 Downloaded torch
Prepared 22 packages in 22.85s
Installed 29 packages in 144ms
 + cuda-bindings==13.0.3
 + cuda-pathfinder==1.2.2
 + cuda-toolkit==13.0.2
 + filelock==3.29.0
 + fsspec==2026.4.0
 + jinja2==3.1.6
 + markupsafe==3.0.3
 + mpmath==1.3.0
 + networkx==3.6.1
 + nvidia-cublas==13.1.0.3
 + nvidia-cuda-cupti==13.0.85
 + nvidia-cuda-nvrtc==13.0.88
 + nvidia-cuda-runtime==13.0.96
 + nvidia-cudnn-cu13==9.19.0.56
 + nvidia-cufft==12.0.0.61
 + nvidia-cufile==1.15.1.6
 + nvidia-curand==10.4.0.35
 + nvidia-cusolver==12.0.4.66
 + nvidia-cusparse==12.6.3.3
 + nvidia-cusparselt-cu13==0.8.0
 + nvidia-nccl-cu13==2.28.9
 + nvidia-nvjitlink==13.0.88
 + nvidia-nvshmem-cu13==3.4.5
 + nvidia-nvtx==13.0.85
 + setuptools==78.1.0
 + sympy==1.14.0
 + torch==2.11.0+cu130
 + triton==3.6.0
 + typing-extensions==4.15.0
Using Python 3.13.14 environment at: .venv-vl
Resolved 63 packages in 2.31s
Downloading pillow (6.6MiB)
Downloading transformers (11.1MiB)
Downloading hf-xet (4.2MiB)
 Downloaded hf-xet
 Downloaded pillow
 Downloaded transformers
Prepared 12 packages in 704ms
Installed 34 packages in 61ms
 + accelerate==1.14.0
 + annotated-doc==0.0.4
 + anyio==4.14.2
 + certifi==2026.6.17
 + click==8.4.2
 + faiss-cpu==1.14.3
 + h11==0.16.0
 + hf-xet==1.5.2
 + httpcore==1.0.9
 + httpx==0.28.1
 + huggingface-hub==1.24.0
 + idna==3.18
 + joblib==1.5.3
 + markdown-it-py==4.2.0
 + mdurl==0.1.2
 + narwhals==2.24.0
 + numpy==2.5.1
 + packaging==26.2
 + pillow==12.3.0
 + psutil==7.2.2
 + pygments==2.20.0
 + pyyaml==6.0.3
 + regex==2026.7.19
 + rich==15.0.0
 + safetensors==0.8.0
 + scikit-learn==1.9.0
 + scipy==1.18.0
 + sentence-transformers==5.6.0
 + shellingham==1.5.4
 + threadpoolctl==3.6.0
 + tokenizers==0.22.2
 + tqdm==4.69.0
 + transformers==5.14.1
 + typer==0.27.0
=== 検証 ===
sentence-transformers 5.6.0
transformers 5.14.1
torch 2.11.0+cu130 cuda: True GPU数: 4
sentence_transformers.base: OK
SETUP_DONE
